// Jest Snapshot v1, https://goo.gl/fbAQLP

exports[`login view renders loginView component correctly 1`] = `
<Login
  loading={false}
  loginError=""
  onChangeHandler={[Function]}
  onDismissHandler={[Function]}
  onSubmitHandler={[Function]}
  password=""
  role="admin"
  user_name=""
/>
`;
